// Jest Snapshot v1, https://goo.gl/fbAQLP

exports[`index spec should render proper 1`] = `
<div>
  <div>
    <span>
      Input permission code:
    </span>

    <input
      autofocus="autofocus"
    />

    <button>
      Search
    </button>
  </div>
</div>
`;
